Last login: Fri Nov  3 22:24:29 on ttys000
rajaniapple@Rajanis-MacBook-Pro ~ % sw_vers
ProductName:		macOS
ProductVersion:		14.0
BuildVersion:		23A344
rajaniapple@Rajanis-MacBook-Pro ~ % arch
arm64
rajaniapple@Rajanis-MacBook-Pro ~ % node -v
v20.9.0
rajaniapple@Rajanis-MacBook-Pro ~ % npm -v
10.1.0
rajaniapple@Rajanis-MacBook-Pro ~ % pwd
/Users/rajaniapple
rajaniapple@Rajanis-MacBook-Pro ~ % mongod --dbpath /opt/homebrew/var/mongodb --logpath /opt/homebrew/var/log/mongodb/mongo.log --fork
about to fork child process, waiting until server is ready for connections.
forked process: 4539
ERROR: child process failed, exited with 1
To see additional information in this output, start without the "--fork" option.
rajaniapple@Rajanis-MacBook-Pro ~ % ps -A | grep mongod | awk '{print $1}'
3412
4541
rajaniapple@Rajanis-MacBook-Pro ~ % kill 3412
rajaniapple@Rajanis-MacBook-Pro ~ % mongod --dbpath /opt/homebrew/var/mongodb --logpath /opt/homebrew/var/log/mongodb/mongo.log --fork
about to fork child process, waiting until server is ready for connections.
forked process: 4546
child process started successfully, parent exiting
rajaniapple@Rajanis-MacBook-Pro ~ % mongod --config /opt/homebrew/etc/mongod.conf --fork
about to fork child process, waiting until server is ready for connections.
forked process: 4549
ERROR: child process failed, exited with 1
To see additional information in this output, start without the "--fork" option.
rajaniapple@Rajanis-MacBook-Pro ~ % ps -A | grep mongod | awk '{print $1}'
4546
4551
rajaniapple@Rajanis-MacBook-Pro ~ % kill 4546
rajaniapple@Rajanis-MacBook-Pro ~ % mongod --config /opt/homebrew/etc/mongod.conf --fork
about to fork child process, waiting until server is ready for connections.
forked process: 4555
child process started successfully, parent exiting
rajaniapple@Rajanis-MacBook-Pro ~ % brew services start mongodb-community
==> Successfully started `mongodb-community` (label: homebrew.mxcl.mongodb-community)
rajaniapple@Rajanis-MacBook-Pro ~ % mongosh
(node:4760) [DEP0040] DeprecationWarning: The `punycode` module is deprecated. Please use a userland alternative instead.
(Use `node --trace-deprecation ...` to show where the warning was created)
Current Mongosh Log ID:	6545293a904b1b2f09865f18
Connecting to:		mongodb://127.0.0.1:27017/?directConnection=true&serverSelectionTimeoutMS=2000&appName=mongosh+2.0.2
Using MongoDB:		7.0.2
Using Mongosh:		2.0.2

For mongosh info see: https://docs.mongodb.com/mongodb-shell/

------
   The server generated these startup warnings when booting
   2023-11-03T22:32:30.133+05:30: Access control is not enabled for the database. Read and write access to data and configuration is unrestricted
   2023-11-03T22:32:30.133+05:30: Soft rlimits for open file descriptors too low
------

test> db.version()
7.0.2
test> db.serverStatus().storageEngine
{
  name: 'wiredTiger',
  supportsCommittedReads: true,
  oldestRequiredTimestampForCrashRecovery: Timestamp({ t: 0, i: 0 }),
  supportsPendingDrops: true,
  dropPendingIdents: Long("0"),
  supportsSnapshotReadConcern: true,
  readOnly: false,
  persistent: true,
  backupCursorOpen: false
}
test> db.serverStatus().wiredTiger
{
  uri: 'statistics:',
  autocommit: {
    'retries for readonly operations': 0,
    'retries for update operations': 0
  },
  'block-cache': {
    'cached blocks updated': 0,
    'cached bytes updated': 0,
    'evicted blocks': 0,
    'file size causing bypass': 0,
    lookups: 0,
    'number of blocks not evicted due to overhead': 0,
    'number of bypasses because no-write-allocate setting was on': 0,
    'number of bypasses due to overhead on put': 0,
    'number of bypasses on get': 0,
    'number of bypasses on put because file is too small': 0,
    'number of eviction passes': 0,
    'number of hits': 0,
    'number of misses': 0,
    'number of put bypasses on checkpoint I/O': 0,
    'removed blocks': 0,
    'time sleeping to remove block (usecs)': 0,
    'total blocks': 0,
    'total blocks inserted on read path': 0,
    'total blocks inserted on write path': 0,
    'total bytes': 0,
    'total bytes inserted on read path': 0,
    'total bytes inserted on write path': 0
  },
  'block-manager': {
    'blocks pre-loaded': 7,
    'blocks read': 45,
    'blocks written': 76,
    'bytes read': 225280,
    'bytes read via memory map API': 0,
    'bytes read via system call API': 0,
    'bytes written': 462848,
    'bytes written for checkpoint': 462848,
    'bytes written via memory map API': 0,
    'bytes written via system call API': 0,
    'mapped blocks read': 0,
    'mapped bytes read': 0,
    'number of times the file was remapped because it changed size via fallocate or truncate': 0,
    'number of times the region was remapped via write': 0
  },
  cache: {
    'application threads page read from disk to cache count': 18,
    'application threads page read from disk to cache time (usecs)': 89,
    'application threads page write from cache to disk count': 36,
    'application threads page write from cache to disk time (usecs)': 17037,
    'bytes allocated for updates': 34529,
    'bytes belonging to page images in the cache': 64385,
    'bytes belonging to the history store table in the cache': 294,
    'bytes currently in the cache': 106593,
    'bytes dirty in the cache cumulative': 323369,
    'bytes not belonging to page images in the cache': 42208,
    'bytes read into cache': 118867,
    'bytes written from cache': 206604,
    'checkpoint blocked page eviction': 0,
    'checkpoint of history store file blocked non-history store page eviction': 0,
    'eviction calls to get a page': 6,
    'eviction calls to get a page found queue empty': 6,
    'eviction calls to get a page found queue empty after locking': 0,
    'eviction currently operating in aggressive mode': 0,
    'eviction empty score': 0,
    'eviction gave up due to detecting a disk value without a timestamp behind the last update on the chain': 0,
    'eviction gave up due to detecting a tombstone without a timestamp ahead of the selected on disk update': 0,
    'eviction gave up due to detecting a tombstone without a timestamp ahead of the selected on disk update after validating the update chain': 0,
    'eviction gave up due to detecting update chain entries without timestamps after the selected on disk update': 0,
    'eviction gave up due to needing to remove a record from the history store but checkpoint is running': 0,
    'eviction passes of a file': 0,
    'eviction server candidate queue empty when topping up': 0,
    'eviction server candidate queue not empty when topping up': 0,
    'eviction server evicting pages': 0,
    'eviction server slept, because we did not make progress with eviction': 0,
    'eviction server unable to reach eviction goal': 0,
    'eviction server waiting for a leaf page': 0,
    'eviction state': 32,
    'eviction walk most recent sleeps for checkpoint handle gathering': 0,
    'eviction walk target pages histogram - 0-9': 0,
    'eviction walk target pages histogram - 10-31': 0,
    'eviction walk target pages histogram - 128 and higher': 0,
    'eviction walk target pages histogram - 32-63': 0,
    'eviction walk target pages histogram - 64-128': 0,
    'eviction walk target pages reduced due to history store cache pressure': 0,
    'eviction walk target strategy both clean and dirty pages': 0,
    'eviction walk target strategy only clean pages': 0,
    'eviction walk target strategy only dirty pages': 0,
    'eviction walks abandoned': 0,
    'eviction walks gave up because they restarted their walk twice': 0,
    'eviction walks gave up because they saw too many pages and found no candidates': 0,
    'eviction walks gave up because they saw too many pages and found too few candidates': 0,
    'eviction walks reached end of tree': 0,
    'eviction walks restarted': 0,
    'eviction walks started from root of tree': 0,
    'eviction walks started from saved location in tree': 0,
    'eviction worker thread active': 4,
    'eviction worker thread created': 0,
    'eviction worker thread evicting pages': 0,
    'eviction worker thread removed': 0,
    'eviction worker thread stable number': 0,
    'files with active eviction walks': 0,
    'files with new eviction walks started': 0,
    'force re-tuning of eviction workers once in a while': 0,
    'forced eviction - do not retry count to evict pages selected to evict during reconciliation': 0,
    'forced eviction - history store pages failed to evict while session has history store cursor open': 0,
    'forced eviction - history store pages selected while session has history store cursor open': 0,
    'forced eviction - history store pages successfully evicted while session has history store cursor open': 0,
    'forced eviction - pages evicted that were clean count': 0,
    'forced eviction - pages evicted that were clean time (usecs)': 0,
    'forced eviction - pages evicted that were dirty count': 0,
    'forced eviction - pages evicted that were dirty time (usecs)': 0,
    'forced eviction - pages selected because of a large number of updates to a single item': 0,
    'forced eviction - pages selected because of too many deleted items count': 0,
    'forced eviction - pages selected count': 0,
    'forced eviction - pages selected unable to be evicted count': 0,
    'forced eviction - pages selected unable to be evicted time': 0,
    'hazard pointer blocked page eviction': 0,
    'hazard pointer check calls': 0,
    'hazard pointer check entries walked': 0,
    'hazard pointer maximum array length': 0,
    'history store table insert calls': 0,
    'history store table insert calls that returned restart': 0,
    'history store table max on-disk size': 0,
    'history store table on-disk size': 4096,
    'history store table reads': 0,
    'history store table reads missed': 0,
    'history store table reads requiring squashed modifies': 0,
    'history store table resolved updates without timestamps that lose their durable timestamp': 0,
    'history store table truncation by rollback to stable to remove an unstable update': 0,
    'history store table truncation by rollback to stable to remove an update': 0,
    'history store table truncation to remove all the keys of a btree': 0,
    'history store table truncation to remove an update': 0,
    'history store table truncation to remove range of updates due to an update without a timestamp on data page': 0,
    'history store table truncation to remove range of updates due to key being removed from the data page during reconciliation': 0,
    'history store table truncations that would have happened in non-dryrun mode': 0,
    'history store table truncations to remove an unstable update that would have happened in non-dryrun mode': 0,
    'history store table truncations to remove an update that would have happened in non-dryrun mode': 0,
    'history store table updates without timestamps fixed up by reinserting with the fixed timestamp': 0,
    'history store table writes requiring squashed modifies': 0,
    'in-memory page passed criteria to be split': 0,
    'in-memory page splits': 0,
    'internal page split blocked its eviction': 0,
    'internal pages evicted': 0,
    'internal pages queued for eviction': 0,
    'internal pages seen by eviction walk': 0,
    'internal pages seen by eviction walk that are already queued': 0,
    'internal pages split during eviction': 0,
    'leaf pages split during eviction': 0,
    'maximum bytes configured': Long("8053063680"),
    'maximum milliseconds spent at a single eviction': 0,
    'maximum page size seen at eviction': 0,
    'modified pages evicted': 0,
    'modified pages evicted by application threads': 0,
    'operations timed out waiting for space in cache': 0,
    'overflow keys on a multiblock row-store page blocked its eviction': 0,
    'overflow pages read into cache': 0,
    'page split during eviction deepened the tree': 0,
    'page written requiring history store records': 0,
    'pages currently held in the cache': 26,
    'pages evicted by application threads': 0,
    'pages evicted in parallel with checkpoint': 0,
    'pages queued for eviction': 0,
    'pages queued for eviction post lru sorting': 0,
    'pages queued for urgent eviction': 0,
    'pages queued for urgent eviction during walk': 0,
    'pages queued for urgent eviction from history store due to high dirty content': 0,
    'pages read into cache': 21,
    'pages read into cache after truncate': 0,
    'pages read into cache after truncate in prepare state': 0,
    'pages removed from the ordinary queue to be queued for urgent eviction': 0,
    'pages requested from the cache': 357,
    'pages seen by eviction walk': 0,
    'pages seen by eviction walk that are already queued': 0,
    'pages selected for eviction unable to be evicted': 0,
    'pages selected for eviction unable to be evicted because of active children on an internal page': 0,
    'pages selected for eviction unable to be evicted because of failure in reconciliation': 0,
    'pages selected for eviction unable to be evicted because of race between checkpoint and updates without timestamps': 0,
    'pages walked for eviction': 0,
    'pages written from cache': 38,
    'pages written requiring in-memory restoration': 0,
    'percentage overhead': 8,
    'recent modification of a page blocked its eviction': 0,
    'reverse splits performed': 0,
    'reverse splits skipped because of VLCS namespace gap restrictions': 0,
    'the number of times full update inserted to history store': 0,
    'the number of times reverse modify inserted to history store': 0,
    'total milliseconds spent inside reentrant history store evictions in a reconciliation': 0,
    'tracked bytes belonging to internal pages in the cache': 6180,
    'tracked bytes belonging to leaf pages in the cache': 100413,
    'tracked dirty bytes in the cache': 0,
    'tracked dirty pages in the cache': 0,
    'uncommitted truncate blocked page eviction': 0,
    'unmodified pages evicted': 0
  },
  capacity: {
    'background fsync file handles considered': 0,
    'background fsync file handles synced': 0,
    'background fsync time (msecs)': 0,
    'bytes read': 126976,
    'bytes written for checkpoint': 167980,
    'bytes written for eviction': 0,
    'bytes written for log': 1258278016,
    'bytes written total': 1258445996,
    'threshold to call fsync': 0,
    'time waiting due to total capacity (usecs)': 0,
    'time waiting during checkpoint (usecs)': 0,
    'time waiting during eviction (usecs)': 0,
    'time waiting during logging (usecs)': 0,
    'time waiting during read (usecs)': 0
  },
  'checkpoint-cleanup': {
    'pages added for eviction': 0,
    'pages removed': 0,
    'pages skipped during tree walk': 0,
    'pages visited': 18
  },
  connection: {
    'auto adjusting condition resets': 47,
    'auto adjusting condition wait calls': 2688,
    'auto adjusting condition wait raced to update timeout and skipped updating': 0,
    'detected system time went backwards': 0,
    'files currently open': 16,
    'hash bucket array size for data handles': 512,
    'hash bucket array size general': 512,
    'memory allocations': 21878,
    'memory frees': 20770,
    'memory re-allocations': 1860,
    'number of sessions without a sweep for 5+ minutes': 1,
    'number of sessions without a sweep for 60+ minutes': 0,
    'pthread mutex condition wait calls': 6912,
    'pthread mutex shared lock read-lock calls': 7304,
    'pthread mutex shared lock write-lock calls': 588,
    'total fsync I/Os': 79,
    'total read I/Os': 1315,
    'total write I/Os': 116
  },
  cursor: {
    'Total number of entries skipped by cursor next calls': 0,
    'Total number of entries skipped by cursor prev calls': 0,
    'Total number of entries skipped to position the history store cursor': 0,
    'Total number of times a search near has exited due to prefix config': 0,
    'Total number of times cursor fails to temporarily release pinned page to encourage eviction of hot or large page': 0,
    'Total number of times cursor temporarily releases pinned page to encourage eviction of hot or large page': 0,
    'cached cursor count': 19,
    'cursor bound calls that return an error': 0,
    'cursor bounds cleared from reset': 0,
    'cursor bounds comparisons performed': 0,
    'cursor bounds next called on an unpositioned cursor': 0,
    'cursor bounds next early exit': 0,
    'cursor bounds prev called on an unpositioned cursor': 0,
    'cursor bounds prev early exit': 0,
    'cursor bounds search early exit': 0,
    'cursor bounds search near call repositioned cursor': 0,
    'cursor bulk loaded cursor insert calls': 0,
    'cursor cache calls that return an error': 0,
    'cursor close calls that result in cache': 3599,
    'cursor close calls that return an error': 0,
    'cursor compare calls that return an error': 0,
    'cursor create calls': 80,
    'cursor equals calls that return an error': 0,
    'cursor get key calls that return an error': 0,
    'cursor get value calls that return an error': 0,
    'cursor insert calls': 48,
    'cursor insert calls that return an error': 0,
    'cursor insert check calls that return an error': 0,
    'cursor insert key and value bytes': 25899,
    'cursor largest key calls that return an error': 0,
    'cursor modify calls': 0,
    'cursor modify calls that return an error': 0,
    'cursor modify key and value bytes affected': 0,
    'cursor modify value bytes modified': 0,
    'cursor next calls': 172,
    'cursor next calls that return an error': 0,
    'cursor next calls that skip due to a globally visible history store tombstone': 0,
    'cursor next calls that skip greater than 1 and fewer than 100 entries': 0,
    'cursor next calls that skip greater than or equal to 100 entries': 0,
    'cursor next random calls that return an error': 0,
    'cursor operation restarted': 0,
    'cursor prev calls': 18,
    'cursor prev calls that return an error': 0,
    'cursor prev calls that skip due to a globally visible history store tombstone': 0,
    'cursor prev calls that skip greater than or equal to 100 entries': 0,
    'cursor prev calls that skip less than 100 entries': 0,
    'cursor reconfigure calls that return an error': 0,
    'cursor remove calls': 0,
    'cursor remove calls that return an error': 0,
    'cursor remove key bytes removed': 0,
    'cursor reopen calls that return an error': 0,
    'cursor reserve calls': 0,
    'cursor reserve calls that return an error': 0,
    'cursor reset calls': 3910,
    'cursor reset calls that return an error': 0,
    'cursor search calls': 193,
    'cursor search calls that return an error': 0,
    'cursor search history store calls': 0,
    'cursor search near calls': 23,
    'cursor search near calls that return an error': 0,
    'cursor sweep buckets': 5487,
    'cursor sweep cursors closed': 0,
    'cursor sweep cursors examined': 43,
    'cursor sweeps': 525,
    'cursor truncate calls': 0,
    'cursor truncates performed on individual keys': 0,
    'cursor update calls': 0,
    'cursor update calls that return an error': 0,
    'cursor update key and value bytes': 0,
    'cursor update value size change': 0,
    'cursors reused from cache': 3580,
    'open cursor count': 6
  },
  'data-handle': {
    'connection data handle size': 472,
    'connection data handles currently active': 25,
    'connection sweep candidate became referenced': 0,
    'connection sweep dhandles closed': 0,
    'connection sweep dhandles removed from hash list': 10,
    'connection sweep time-of-death sets': 87,
    'connection sweeps': 43,
    'connection sweeps skipped due to checkpoint gathering handles': 0,
    'session dhandles swept': 0,
    'session sweep attempts': 163
  },
  lock: {
    'checkpoint lock acquisitions': 9,
    'checkpoint lock application thread wait time (usecs)': 0,
    'checkpoint lock internal thread wait time (usecs)': 0,
    'dhandle lock application thread time waiting (usecs)': 0,
    'dhandle lock internal thread time waiting (usecs)': 0,
    'dhandle read lock acquisitions': 1782,
    'dhandle write lock acquisitions': 49,
    'durable timestamp queue lock application thread time waiting (usecs)': 0,
    'durable timestamp queue lock internal thread time waiting (usecs)': 0,
    'durable timestamp queue read lock acquisitions': 0,
    'durable timestamp queue write lock acquisitions': 0,
    'metadata lock acquisitions': 8,
    'metadata lock application thread wait time (usecs)': 19,
    'metadata lock internal thread wait time (usecs)': 0,
    'read timestamp queue lock application thread time waiting (usecs)': 0,
    'read timestamp queue lock internal thread time waiting (usecs)': 0,
    'read timestamp queue read lock acquisitions': 0,
    'read timestamp queue write lock acquisitions': 0,
    'schema lock acquisitions': 34,
    'schema lock application thread wait time (usecs)': 0,
    'schema lock internal thread wait time (usecs)': 0,
    'table lock application thread time waiting for the table lock (usecs)': 0,
    'table lock internal thread time waiting for the table lock (usecs)': 0,
    'table read lock acquisitions': 0,
    'table write lock acquisitions': 13,
    'txn global lock application thread time waiting (usecs)': 0,
    'txn global lock internal thread time waiting (usecs)': 0,
    'txn global read lock acquisitions': 45,
    'txn global write lock acquisitions': 24
  },
  log: {
    'busy returns attempting to switch slots': 0,
    'force log remove time sleeping (usecs)': 0,
    'log bytes of payload data': 11876,
    'log bytes written': 15488,
    'log files manually zero-filled': 0,
    'log flush operations': 4169,
    'log force write operations': 4649,
    'log force write operations skipped': 4634,
    'log records compressed': 8,
    'log records not compressed': 10,
    'log records too small to compress': 21,
    'log release advances write LSN': 11,
    'log scan operations': 6,
    'log scan records requiring two reads': 0,
    'log server thread advances write LSN': 15,
    'log server thread write LSN walk skipped': 1425,
    'log sync operations': 25,
    'log sync time duration (usecs)': 128313,
    'log sync_dir operations': 1,
    'log sync_dir time duration (usecs)': 4390,
    'log write operations': 39,
    'logging bytes consolidated': 14976,
    'maximum log file size': 104857600,
    'number of pre-allocated log files to create': 2,
    'pre-allocated log files not ready and missed': 1,
    'pre-allocated log files prepared': 2,
    'pre-allocated log files used': 0,
    'records processed by log scan': 13,
    'slot close lost race': 0,
    'slot close unbuffered waits': 0,
    'slot closures': 26,
    'slot join atomic update races': 0,
    'slot join calls atomic updates raced': 0,
    'slot join calls did not yield': 39,
    'slot join calls found active slot closed': 0,
    'slot join calls slept': 0,
    'slot join calls yielded': 0,
    'slot join found active slot closed': 0,
    'slot joins yield time (usecs)': 0,
    'slot transitions unable to find free slot': 0,
    'slot unbuffered writes': 0,
    'total in-memory size of compressed records': 22754,
    'total log buffer size': 33554432,
    'total size of compressed records': 9249,
    'written slots coalesced': 0,
    'yields waiting for previous log file close': 0
  },
  perf: {
    'file system read latency histogram (bucket 1) - 10-49ms': 0,
    'file system read latency histogram (bucket 2) - 50-99ms': 0,
    'file system read latency histogram (bucket 3) - 100-249ms': 0,
    'file system read latency histogram (bucket 4) - 250-499ms': 0,
    'file system read latency histogram (bucket 5) - 500-999ms': 0,
    'file system read latency histogram (bucket 6) - 1000ms+': 0,
    'file system write latency histogram (bucket 1) - 10-49ms': 0,
    'file system write latency histogram (bucket 2) - 50-99ms': 0,
    'file system write latency histogram (bucket 3) - 100-249ms': 0,
    'file system write latency histogram (bucket 4) - 250-499ms': 0,
    'file system write latency histogram (bucket 5) - 500-999ms': 0,
    'file system write latency histogram (bucket 6) - 1000ms+': 0,
    'operation read latency histogram (bucket 1) - 100-249us': 0,
    'operation read latency histogram (bucket 2) - 250-499us': 0,
    'operation read latency histogram (bucket 3) - 500-999us': 0,
    'operation read latency histogram (bucket 4) - 1000-9999us': 0,
    'operation read latency histogram (bucket 5) - 10000us+': 0,
    'operation write latency histogram (bucket 1) - 100-249us': 0,
    'operation write latency histogram (bucket 2) - 250-499us': 0,
    'operation write latency histogram (bucket 3) - 500-999us': 0,
    'operation write latency histogram (bucket 4) - 1000-9999us': 0,
    'operation write latency histogram (bucket 5) - 10000us+': 0
  },
  reconciliation: {
    'VLCS pages explicitly reconciled as empty': 0,
    'approximate byte size of timestamps in pages written': 0,
    'approximate byte size of transaction IDs in pages written': 224,
    'fast-path pages deleted': 0,
    'leaf-page overflow keys': 0,
    'maximum milliseconds spent in a reconciliation call': 0,
    'maximum milliseconds spent in building a disk image in a reconciliation': 0,
    'maximum milliseconds spent in moving updates to the history store in a reconciliation': 0,
    'page reconciliation calls': 38,
    'page reconciliation calls for eviction': 0,
    'page reconciliation calls that resulted in values with prepared transaction metadata': 0,
    'page reconciliation calls that resulted in values with timestamps': 0,
    'page reconciliation calls that resulted in values with transaction ids': 8,
    'pages deleted': 0,
    'pages written including an aggregated newest start durable timestamp ': 0,
    'pages written including an aggregated newest stop durable timestamp ': 0,
    'pages written including an aggregated newest stop timestamp ': 0,
    'pages written including an aggregated newest stop transaction ID': 0,
    'pages written including an aggregated newest transaction ID ': 0,
    'pages written including an aggregated oldest start timestamp ': 0,
    'pages written including an aggregated prepare': 0,
    'pages written including at least one prepare state': 0,
    'pages written including at least one start durable timestamp': 0,
    'pages written including at least one start timestamp': 0,
    'pages written including at least one start transaction ID': 8,
    'pages written including at least one stop durable timestamp': 0,
    'pages written including at least one stop timestamp': 0,
    'pages written including at least one stop transaction ID': 0,
    'records written including a prepare state': 0,
    'records written including a start durable timestamp': 0,
    'records written including a start timestamp': 0,
    'records written including a start transaction ID': 28,
    'records written including a stop durable timestamp': 0,
    'records written including a stop timestamp': 0,
    'records written including a stop transaction ID': 0,
    'split bytes currently awaiting free': 0,
    'split objects currently awaiting free': 0
  },
  session: {
    'attempts to remove a local object and the object is in use': 0,
    'flush_tier failed calls': 0,
    'flush_tier operation calls': 0,
    'flush_tier tables skipped due to no checkpoint': 0,
    'flush_tier tables switched': 0,
    'local objects removed': 0,
    'open session count': 14,
    'session query timestamp calls': 0,
    'table alter failed calls': 0,
    'table alter successful calls': 0,
    'table alter triggering checkpoint calls': 0,
    'table alter unchanged and skipped': 0,
    'table compact failed calls': 0,
    'table compact failed calls due to cache pressure': 0,
    'table compact running': 0,
    'table compact skipped as process would not reduce file size': 0,
    'table compact successful calls': 0,
    'table compact timeout': 0,
    'table create failed calls': 0,
    'table create successful calls': 3,
    'table create with import failed calls': 0,
    'table create with import successful calls': 0,
    'table drop failed calls': 0,
    'table drop successful calls': 0,
    'table rename failed calls': 0,
    'table rename successful calls': 0,
    'table salvage failed calls': 0,
    'table salvage successful calls': 0,
    'table truncate failed calls': 0,
    'table truncate successful calls': 0,
    'table verify failed calls': 0,
    'table verify successful calls': 0,
    'tiered operations dequeued and processed': 0,
    'tiered operations removed without processing': 0,
    'tiered operations scheduled': 0,
    'tiered storage local retention time (secs)': 0
  },
  'thread-state': {
    'active filesystem fsync calls': 0,
    'active filesystem read calls': 0,
    'active filesystem write calls': 0
  },
  'thread-yield': {
    'application thread time evicting (usecs)': 0,
    'application thread time waiting for cache (usecs)': 0,
    'connection close blocked waiting for transaction state stabilization': 0,
    'connection close yielded for lsm manager shutdown': 0,
    'data handle lock yielded': 0,
    'get reference for page index and slot time sleeping (usecs)': 0,
    'page access yielded due to prepare state change': 0,
    'page acquire busy blocked': 0,
    'page acquire eviction blocked': 0,
    'page acquire locked blocked': 0,
    'page acquire read blocked': 0,
    'page acquire time sleeping (usecs)': 0,
    'page delete rollback time sleeping for state change (usecs)': 0,
    'page reconciliation yielded due to child modification': 0
  },
  transaction: {
    'Number of prepared updates': 0,
    'Number of prepared updates committed': 0,
    'Number of prepared updates repeated on the same key': 0,
    'Number of prepared updates rolled back': 0,
    'a reader raced with a prepared transaction commit and skipped an update or updates': 0,
    'checkpoint has acquired a snapshot for its transaction': 0,
    'number of times overflow removed value is read': 0,
    'oldest pinned transaction ID rolled back for eviction': 0,
    'prepared transactions': 0,
    'prepared transactions committed': 0,
    'prepared transactions currently active': 0,
    'prepared transactions rolled back': 0,
    'query timestamp calls': 432,
    'race to read prepared update retry': 0,
    'rollback to stable calls': 0,
    'rollback to stable history store keys that would have been swept in non-dryrun mode': 0,
    'rollback to stable history store records with stop timestamps older than newer records': 0,
    'rollback to stable inconsistent checkpoint': 0,
    'rollback to stable keys removed': 0,
    'rollback to stable keys restored': 0,
    'rollback to stable keys that would have been removed in non-dryrun mode': 0,
    'rollback to stable keys that would have been restored in non-dryrun mode': 0,
    'rollback to stable pages visited': 0,
    'rollback to stable restored tombstones from history store': 0,
    'rollback to stable restored updates from history store': 0,
    'rollback to stable skipping delete rle': 0,
    'rollback to stable skipping stable rle': 0,
    'rollback to stable sweeping history store keys': 0,
    'rollback to stable tombstones from history store that would have been restored in non-dryrun mode': 0,
    'rollback to stable tree walk skipping pages': 0,
    'rollback to stable updates aborted': 0,
    'rollback to stable updates from history store that would have been restored in non-dryrun mode': 0,
    'rollback to stable updates removed from history store': 0,
    'rollback to stable updates that would have been aborted in non-dryrun mode': 0,
    'rollback to stable updates that would have been removed from history store in non-dryrun mode': 0,
    'sessions scanned in each walk of concurrent sessions': 7177,
    'set timestamp calls': 0,
    'set timestamp durable calls': 0,
    'set timestamp durable updates': 0,
    'set timestamp oldest calls': 0,
    'set timestamp oldest updates': 0,
    'set timestamp stable calls': 0,
    'set timestamp stable updates': 0,
    'transaction begins': 32,
    'transaction checkpoint currently running': 0,
    'transaction checkpoint currently running for history store file': 0,
    'transaction checkpoint generation': 9,
    'transaction checkpoint history store file duration (usecs)': 5,
    'transaction checkpoint max time (msecs)': 50,
    'transaction checkpoint min time (msecs)': 18,
    'transaction checkpoint most recent duration for gathering all handles (usecs)': 120,
    'transaction checkpoint most recent duration for gathering applied handles (usecs)': 0,
    'transaction checkpoint most recent duration for gathering skipped handles (usecs)': 74,
    'transaction checkpoint most recent handles applied': 0,
    'transaction checkpoint most recent handles skipped': 12,
    'transaction checkpoint most recent handles walked': 25,
    'transaction checkpoint most recent time (msecs)': 29,
    'transaction checkpoint prepare currently running': 0,
    'transaction checkpoint prepare max time (msecs)': 1,
    'transaction checkpoint prepare min time (msecs)': 0,
    'transaction checkpoint prepare most recent time (msecs)': 0,
    'transaction checkpoint prepare total time (msecs)': 1,
    'transaction checkpoint scrub dirty target': 0,
    'transaction checkpoint scrub time (msecs)': 0,
    'transaction checkpoint stop timing stress active': 0,
    'transaction checkpoint total time (msecs)': 264,
    'transaction checkpoints': 8,
    'transaction checkpoints due to obsolete pages': 0,
    'transaction checkpoints skipped because database was clean': 0,
    'transaction fsync calls for checkpoint after allocating the transaction ID': 8,
    'transaction fsync duration for checkpoint after allocating the transaction ID (usecs)': 6891,
    'transaction range of IDs currently pinned': 0,
    'transaction range of IDs currently pinned by a checkpoint': 0,
    'transaction range of timestamps currently pinned': 0,
    'transaction range of timestamps pinned by a checkpoint': 0,
    'transaction range of timestamps pinned by the oldest active read timestamp': 0,
    'transaction range of timestamps pinned by the oldest timestamp': 0,
    'transaction read timestamp of the oldest active reader': 0,
    'transaction rollback to stable currently running': 0,
    'transaction walk of concurrent sessions': 515,
    'transactions committed': 10,
    'transactions rolled back': 22,
    'update conflicts': 0
  },
  concurrentTransactions: {
    write: {
      out: 0,
      available: 8,
      totalTickets: 8,
      immediatePriorityAdmissionsCount: Long("0"),
      addedToQueue: Long("0"),
      removedFromQueue: Long("0"),
      queueLength: Long("0"),
      startedProcessing: Long("441"),
      processing: Long("0"),
      finishedProcessing: Long("441"),
      totalTimeProcessingMicros: Long("49871"),
      canceled: Long("0"),
      newAdmissions: Long("8"),
      totalTimeQueuedMicros: Long("0")
    },
    read: {
      out: 0,
      available: 8,
      totalTickets: 8,
      immediatePriorityAdmissionsCount: Long("434"),
      addedToQueue: Long("0"),
      removedFromQueue: Long("0"),
      queueLength: Long("0"),
      startedProcessing: Long("442"),
      processing: Long("0"),
      finishedProcessing: Long("442"),
      totalTimeProcessingMicros: Long("16919"),
      canceled: Long("0"),
      newAdmissions: Long("439"),
      totalTimeQueuedMicros: Long("0")
    },
    monitor: {
      timesDecreased: Long("0"),
      timesIncreased: Long("0"),
      totalAmountDecreased: Long("0"),
      totalAmountIncreased: Long("0")
    }
  },
  'snapshot-window-settings': {
    'total number of SnapshotTooOld errors': Long("0"),
    'minimum target snapshot window size in seconds': 300,
    'current available snapshot window size in seconds': 0,
    'latest majority snapshot timestamp available': 'Jan  1 05:30:00:0',
    'oldest majority snapshot timestamp available': 'Jan  1 05:30:00:0',
    'pinned timestamp requests': 0,
    'min pinned timestamp': Timestamp({ t: -1, i: -1 })
  },
  oplog: { 'visibility timestamp': Timestamp({ t: 0, i: 0 }) }
}
test> show databases
admin   40.00 KiB
config  72.00 KiB
dev     40.00 KiB
local   80.00 KiB
test> show dbs
admin   40.00 KiB
config  72.00 KiB
dev     40.00 KiB
local   80.00 KiB
test> db.getMongo().getDBNames()
[ 'admin', 'config', 'dev', 'local' ]
test> db.adminCommand('listDatabases')
{
  databases: [
    { name: 'admin', sizeOnDisk: Long("40960"), empty: false },
    { name: 'config', sizeOnDisk: Long("73728"), empty: false },
    { name: 'dev', sizeOnDisk: Long("40960"), empty: false },
    { name: 'local', sizeOnDisk: Long("81920"), empty: false }
  ],
  totalSize: Long("237568"),
  totalSizeMb: Long("0"),
  ok: 1
}
test> use dev
switched to db dev
dev> show tables
notes
dev> show collections
notes
dev> db.getCollectionNames()
[ 'notes' ]
dev> db.notes.find()
[
  {
    _id: ObjectId("654528668dddcb1268d25cc6"),
    description: ' Apache Hadoop Ecosystem Oâ€™Reilly![](/uploads/8475831628d28a256a11c6d0b4314ec9)'
  }
]
dev> db.notes.find({}).sort({_id:1}).limit(1).next()._id.getTimestamp()
ISODate("2023-11-03T17:05:42.000Z")
dev> for (var key in db.notes.findOne()) { print (key, typeof key) }
_id string
description string

dev> exit
rajaniapple@Rajanis-MacBook-Pro ~ % ls /Users/rajaniapple/Desktop/Working/Technology/Kubernetes/Proof-of-Concept/minikube/minikube/node-mongodb-app/uploads
ls: /Users/rajaniapple/Desktop/Working/Technology/Kubernetes/Proof-of-Concept/minikube/minikube/node-mongodb-app/uploads: No such file or directory
rajaniapple@Rajanis-MacBook-Pro ~ % 
