Last login: Sat Nov 11 02:32:48 on ttys000
rajaniapple@Rajanis-MacBook-Pro ~ % sw_vers         
ProductName:		macOS
ProductVersion:		14.0
BuildVersion:		23A344
rajaniapple@Rajanis-MacBook-Pro ~ % arch            
arm64
rajaniapple@Rajanis-MacBook-Pro ~ % docker version
Client:
 Cloud integration: v1.0.35+desktop.5
 Version:           24.0.6
 API version:       1.42 (downgraded from 1.43)
 Go version:        go1.20.7
 Git commit:        ed223bc
 Built:             Mon Sep  4 12:28:49 2023
 OS/Arch:           darwin/arm64
 Context:           desktop-linux

Server:
 Engine:
  Version:          23.0.6
  API version:      1.42 (minimum version 1.12)
  Go version:       go1.20.8
  Git commit:       9dbdbd4b6d7681bd18c897a6ba0376073c2a72ff
  Built:            Thu Sep  7 06:11:07 2023
  OS/Arch:          linux/amd64
  Experimental:     false
 containerd:
  Version:          v1.7.2
  GitCommit:        0cae528dd6cb557f7201036e9f43420650207b58
 runc:
  Version:          1.1.7
  GitCommit:        860f061b76bb4fc671f0f9e900f7d80ff93d4eb7
 docker-init:
  Version:          0.19.0
  GitCommit:        
rajaniapple@Rajanis-MacBook-Pro ~ % docker --version
Docker version 24.0.6, build ed223bc
rajaniapple@Rajanis-MacBook-Pro ~ % docker pull container-registry.oracle.com/database/free:latest
latest: Pulling from database/free
Digest: sha256:5ac0efa9896962f6e0e91c54e23c03ae8f140cf6ed43ca09ef4354268a942882
Status: Image is up to date for container-registry.oracle.com/database/free:latest
container-registry.oracle.com/database/free:latest

What's Next?
  1. Sign in to your Docker account → docker login
  2. View a summary of image vulnerabilities and recommendations → docker scout quickview container-registry.oracle.com/database/free:latest
rajaniapple@Rajanis-MacBook-Pro ~ % docker image list
REPOSITORY                                    TAG       IMAGE ID       CREATED        SIZE
container-registry.oracle.com/database/free   latest    39cabc8e6db0   2 months ago   9.16GB
rajaniapple@Rajanis-MacBook-Pro ~ % docker ps
CONTAINER ID   IMAGE                                                COMMAND                  CREATED       STATUS                 PORTS                                       NAMES
506d525ab7ff   container-registry.oracle.com/database/free:latest   "/bin/bash -c $ORACL…"   2 hours ago   Up 2 hours (healthy)   0.0.0.0:1521->1521/tcp, :::1521->1521/tcp   loving_curran
rajaniapple@Rajanis-MacBook-Pro ~ % docker tag container-registry.oracle.com/database/free dockerrajani/oracle:version21cFree
rajaniapple@Rajanis-MacBook-Pro ~ % docker image list
REPOSITORY                                    TAG              IMAGE ID       CREATED        SIZE
container-registry.oracle.com/database/free   latest           39cabc8e6db0   2 months ago   9.16GB
dockerrajani/oracle                           version21cFree   39cabc8e6db0   2 months ago   9.16GB
rajaniapple@Rajanis-MacBook-Pro ~ % docker login
Log in with your Docker ID or email address to push and pull images from Docker Hub. If you don't have a Docker ID, head over to https://hub.docker.com/ to create one.
You can log in with your password or a Personal Access Token (PAT). Using a limited-scope PAT grants better security and is required for organizations using SSO. Learn more at https://docs.docker.com/go/access-tokens/

Username: dockerrajani
Password: 
Login Succeeded
rajaniapple@Rajanis-MacBook-Pro ~ % docker push dockerrajani/oracle:version21cFree
The push refers to repository [docker.io/dockerrajani/oracle]
1a5e0947065d: Pushed 
afe2b8569529: Pushed 
32ccb4c9de84: Pushed 
889175dbb12d: Pushed 
96dcecf1f993: Pushed 
bbf27b69ee3a: Pushed 
0d9db58618c2: Pushed 
cabe344ae277: Pushed 
f70ee2aeb865: Pushed 
version21cFree: digest: sha256:3a47c3d891573cc348c41042a0acf80509a40fce3d8d0322fe4d65800397f910 size: 2213
rajaniapple@Rajanis-MacBook-Pro ~ % docker container ls
CONTAINER ID   IMAGE                                                COMMAND                  CREATED       STATUS                 PORTS                                       NAMES
506d525ab7ff   container-registry.oracle.com/database/free:latest   "/bin/bash -c $ORACL…"   2 hours ago   Up 2 hours (healthy)   0.0.0.0:1521->1521/tcp, :::1521->1521/tcp   loving_curran
rajaniapple@Rajanis-MacBook-Pro ~ % docker container ls -a
CONTAINER ID   IMAGE                                                COMMAND                  CREATED       STATUS                 PORTS                                       NAMES
506d525ab7ff   container-registry.oracle.com/database/free:latest   "/bin/bash -c $ORACL…"   2 hours ago   Up 2 hours (healthy)   0.0.0.0:1521->1521/tcp, :::1521->1521/tcp   loving_curran
rajaniapple@Rajanis-MacBook-Pro ~ % docker ps -a --format "table"
CONTAINER ID   IMAGE                                                COMMAND                  CREATED       STATUS                 PORTS                                       NAMES
506d525ab7ff   container-registry.oracle.com/database/free:latest   "/bin/bash -c $ORACL…"   2 hours ago   Up 2 hours (healthy)   0.0.0.0:1521->1521/tcp, :::1521->1521/tcp   loving_curran
rajaniapple@Rajanis-MacBook-Pro ~ % docker ps -a --format "table {{.Names}}\t{{.Image}}\t{{.Status}}"
NAMES           IMAGE                                                STATUS
loving_curran   container-registry.oracle.com/database/free:latest   Up 2 hours (healthy)
rajaniapple@Rajanis-MacBook-Pro ~ % docker image list
REPOSITORY                                    TAG              IMAGE ID       CREATED        SIZE
container-registry.oracle.com/database/free   latest           39cabc8e6db0   2 months ago   9.16GB
dockerrajani/oracle                           version21cFree   39cabc8e6db0   2 months ago   9.16GB
rajaniapple@Rajanis-MacBook-Pro ~ % docker run -d -p 1521:1521 container-registry.oracle.com/database/free:latest
68095a75587baa1f43a1b4c4af1df614de623affc042cd556c61d428d2e1e4f5
docker: Error response from daemon: driver failed programming external connectivity on endpoint affectionate_swirles (28202b5fe7d5e4a3faef724911b1fd53c5329352d55d82017b8176e48ff18880): Bind for 0.0.0.0:1521 failed: port is already allocated.
rajaniapple@Rajanis-MacBook-Pro ~ % docker run -d -p 1521:1521 -e ORACLE_PASSWORD=Oracle_23c container-registry.oracle.com/database/free:latest
aaa7dd3420bdd90bc04ad095a80382a3f568c1f36877b1bd9086ccd3806cb3b0
docker: Error response from daemon: driver failed programming external connectivity on endpoint affectionate_bose (f8b84bd87b8f584cd37f90bdef28d296174c970cdabe26b2e49bc09be88da102): Bind for 0.0.0.0:1521 failed: port is already allocated.
rajaniapple@Rajanis-MacBook-Pro ~ % docker ps 
CONTAINER ID   IMAGE                                                COMMAND                  CREATED       STATUS                 PORTS                                       NAMES
506d525ab7ff   container-registry.oracle.com/database/free:latest   "/bin/bash -c $ORACL…"   2 hours ago   Up 2 hours (healthy)   0.0.0.0:1521->1521/tcp, :::1521->1521/tcp   loving_curran
rajaniapple@Rajanis-MacBook-Pro ~ % docker image list
REPOSITORY                                    TAG              IMAGE ID       CREATED        SIZE
dockerrajani/oracle                           version21cFree   39cabc8e6db0   2 months ago   9.16GB
container-registry.oracle.com/database/free   latest           39cabc8e6db0   2 months ago   9.16GB
rajaniapple@Rajanis-MacBook-Pro ~ % docker exec -it 506d525ab7ff bash
bash-4.4$ s
bash: s: command not found
bash-4.4$ ls
createAppUser  createAppUser.sh  setPassword.sh
bash-4.4$ exit
exit
rajaniapple@Rajanis-MacBook-Pro ~ % 
